Release 14.7 - xst P.20131013 (lin64)
Copyright (c) 1995-2013 Xilinx, Inc.  All rights reserved.
--> 
Parameter TMPDIR set to xst/projnav.tmp


Total REAL time to Xst completion: 0.00 secs
Total CPU time to Xst completion: 0.04 secs
 
--> 
Parameter xsthdpdir set to xst


Total REAL time to Xst completion: 0.00 secs
Total CPU time to Xst completion: 0.04 secs
 
--> 
Reading design: Microprocessor.prj

TABLE OF CONTENTS
  1) Synthesis Options Summary
  2) HDL Compilation
  3) Design Hierarchy Analysis
  4) HDL Analysis
  5) HDL Synthesis
     5.1) HDL Synthesis Report
  6) Advanced HDL Synthesis
     6.1) Advanced HDL Synthesis Report
  7) Low Level Synthesis
  8) Partition Report
  9) Final Report
	9.1) Device utilization summary
	9.2) Partition Resource Summary
	9.3) TIMING REPORT


=========================================================================
*                      Synthesis Options Summary                        *
=========================================================================
---- Source Parameters
Input File Name                    : "Microprocessor.prj"
Input Format                       : mixed
Ignore Synthesis Constraint File   : NO

---- Target Parameters
Output File Name                   : "Microprocessor"
Output Format                      : NGC
Target Device                      : xc3s50an-5-tqg144

---- Source Options
Top Module Name                    : Microprocessor
Automatic FSM Extraction           : YES
FSM Encoding Algorithm             : Auto
Safe Implementation                : No
FSM Style                          : LUT
RAM Extraction                     : Yes
RAM Style                          : Auto
ROM Extraction                     : Yes
Mux Style                          : Auto
Decoder Extraction                 : YES
Priority Encoder Extraction        : Yes
Shift Register Extraction          : YES
Logical Shifter Extraction         : YES
XOR Collapsing                     : YES
ROM Style                          : Auto
Mux Extraction                     : Yes
Resource Sharing                   : YES
Asynchronous To Synchronous        : NO
Multiplier Style                   : Auto
Automatic Register Balancing       : No

---- Target Options
Add IO Buffers                     : YES
Global Maximum Fanout              : 100000
Add Generic Clock Buffer(BUFG)     : 24
Register Duplication               : YES
Slice Packing                      : YES
Optimize Instantiated Primitives   : NO
Use Clock Enable                   : Yes
Use Synchronous Set                : Yes
Use Synchronous Reset              : Yes
Pack IO Registers into IOBs        : Auto
Equivalent register Removal        : YES

---- General Options
Optimization Goal                  : Speed
Optimization Effort                : 1
Keep Hierarchy                     : No
Netlist Hierarchy                  : As_Optimized
RTL Output                         : Yes
Global Optimization                : AllClockNets
Read Cores                         : YES
Write Timing Constraints           : NO
Cross Clock Analysis               : NO
Hierarchy Separator                : /
Bus Delimiter                      : <>
Case Specifier                     : Maintain
Slice Utilization Ratio            : 100
BRAM Utilization Ratio             : 100
Verilog 2001                       : YES
Auto BRAM Packing                  : NO
Slice Utilization Ratio Delta      : 5

=========================================================================


=========================================================================
*                          HDL Compilation                              *
=========================================================================
Compiling verilog file "Console.v" in library work
Compiling verilog file "Microprocessor.v" in library work
Module <Console> compiled
WARNING:HDLCompilers:298 - "Microprocessor.v" line 122 Too many digits specified in decimal constant
WARNING:HDLCompilers:298 - "Microprocessor.v" line 124 Too many digits specified in decimal constant
WARNING:HDLCompilers:298 - "Microprocessor.v" line 130 Too many digits specified in decimal constant
WARNING:HDLCompilers:298 - "Microprocessor.v" line 136 Too many digits specified in decimal constant
Module <Microprocessor> compiled
No errors in compilation
Analysis of file <"Microprocessor.prj"> succeeded.
 

=========================================================================
*                     Design Hierarchy Analysis                         *
=========================================================================
Analyzing hierarchy for module <Microprocessor> in library <work>.

Analyzing hierarchy for module <Console> in library <work>.


=========================================================================
*                            HDL Analysis                               *
=========================================================================
Analyzing top module <Microprocessor>.
Module <Microprocessor> is correct for synthesis.
 
Analyzing module <Console> in library <work>.
Module <Console> is correct for synthesis.
 

=========================================================================
*                           HDL Synthesis                               *
=========================================================================

Performing bidirectional port resolution...

Synthesizing Unit <Console>.
    Related source file is "Console.v".
    Found 16x7-bit ROM for signal <sseg>.
    Summary:
	inferred   1 ROM(s).
Unit <Console> synthesized.


Synthesizing Unit <Microprocessor>.
    Related source file is "Microprocessor.v".
WARNING:Xst:647 - Input <instruction> is never used. This port will be preserved and left unconnected if it belongs to a top-level block or it belongs to a sub-block and the hierarchy of this sub-block is preserved.
WARNING:Xst:646 - Signal <rw_num<4:2>> is assigned but never used. This unconnected signal will be trimmed during the optimization process.
WARNING:Xst:1780 - Signal <literal> is never used or assigned. This unconnected signal will be trimmed during the optimization process.
WARNING:Xst:653 - Signal <ir> is used but never assigned. This sourceless signal will be automatically connected to value 00000000.
    Found 8-bit register for signal <console_buffer>.
    Found 26-bit up counter for signal <delay>.
    Found 256-bit register for signal <memory>.
    Found 8-bit register for signal <pc>.
    Found 8-bit adder for signal <pc$add0000> created at line 122.
    Found 8-bit adder for signal <pc$addsub0000> created at line 122.
    Found 32-bit register for signal <registers>.
    Found 5-bit register for signal <rw_num>.
    Found 1-bit register for signal <sec>.
INFO:Xst:738 - HDL ADVISOR - 256 flip-flops were inferred for signal <memory>. You may be trying to describe a RAM in a way that is incompatible with block and distributed RAM resources available on Xilinx devices, or with a specific template that is not supported. Please review the Xilinx resources documentation and the XST user manual for coding guidelines. Taking advantage of RAM resources will lead to improved device usage and reduced synthesis time.
    Summary:
	inferred   1 Counter(s).
	inferred  86 D-type flip-flop(s).
	inferred   4 Adder/Subtractor(s).
	inferred  32 Multiplexer(s).
Unit <Microprocessor> synthesized.


=========================================================================
HDL Synthesis Report

Macro Statistics
# ROMs                                                 : 3
 16x7-bit ROM                                          : 3
# Adders/Subtractors                                   : 4
 8-bit adder                                           : 4
# Counters                                             : 1
 26-bit up counter                                     : 1
# Registers                                            : 40
 1-bit register                                        : 1
 5-bit register                                        : 1
 8-bit register                                        : 38
# Multiplexers                                         : 4
 8-bit 32-to-1 multiplexer                             : 1
 8-bit 4-to-1 multiplexer                              : 3

=========================================================================

=========================================================================
*                       Advanced HDL Synthesis                          *
=========================================================================

WARNING:Xst:1710 - FF/Latch <rw_num_1> (without init value) has a constant value of 0 in block <Microprocessor>. This FF/Latch will be trimmed during the optimization process.
WARNING:Xst:1710 - FF/Latch <rw_num_0> (without init value) has a constant value of 0 in block <Microprocessor>. This FF/Latch will be trimmed during the optimization process.
WARNING:Xst:1895 - Due to other FF/Latch trimming, FF/Latch <registers_3_7> (without init value) has a constant value of 0 in block <Microprocessor>. This FF/Latch will be trimmed during the optimization process.
WARNING:Xst:1895 - Due to other FF/Latch trimming, FF/Latch <registers_3_6> (without init value) has a constant value of 0 in block <Microprocessor>. This FF/Latch will be trimmed during the optimization process.
WARNING:Xst:1895 - Due to other FF/Latch trimming, FF/Latch <registers_3_5> (without init value) has a constant value of 0 in block <Microprocessor>. This FF/Latch will be trimmed during the optimization process.
WARNING:Xst:1895 - Due to other FF/Latch trimming, FF/Latch <registers_3_4> (without init value) has a constant value of 0 in block <Microprocessor>. This FF/Latch will be trimmed during the optimization process.
WARNING:Xst:1895 - Due to other FF/Latch trimming, FF/Latch <registers_3_3> (without init value) has a constant value of 0 in block <Microprocessor>. This FF/Latch will be trimmed during the optimization process.
WARNING:Xst:1895 - Due to other FF/Latch trimming, FF/Latch <registers_3_2> (without init value) has a constant value of 0 in block <Microprocessor>. This FF/Latch will be trimmed during the optimization process.
WARNING:Xst:1895 - Due to other FF/Latch trimming, FF/Latch <registers_3_1> (without init value) has a constant value of 0 in block <Microprocessor>. This FF/Latch will be trimmed during the optimization process.
WARNING:Xst:1895 - Due to other FF/Latch trimming, FF/Latch <registers_3_0> (without init value) has a constant value of 0 in block <Microprocessor>. This FF/Latch will be trimmed during the optimization process.
WARNING:Xst:1895 - Due to other FF/Latch trimming, FF/Latch <registers_2_7> (without init value) has a constant value of 0 in block <Microprocessor>. This FF/Latch will be trimmed during the optimization process.
WARNING:Xst:1895 - Due to other FF/Latch trimming, FF/Latch <registers_2_6> (without init value) has a constant value of 0 in block <Microprocessor>. This FF/Latch will be trimmed during the optimization process.
WARNING:Xst:1895 - Due to other FF/Latch trimming, FF/Latch <registers_2_5> (without init value) has a constant value of 0 in block <Microprocessor>. This FF/Latch will be trimmed during the optimization process.
WARNING:Xst:1895 - Due to other FF/Latch trimming, FF/Latch <registers_2_4> (without init value) has a constant value of 0 in block <Microprocessor>. This FF/Latch will be trimmed during the optimization process.
WARNING:Xst:1895 - Due to other FF/Latch trimming, FF/Latch <registers_2_3> (without init value) has a constant value of 0 in block <Microprocessor>. This FF/Latch will be trimmed during the optimization process.
WARNING:Xst:1895 - Due to other FF/Latch trimming, FF/Latch <registers_2_2> (without init value) has a constant value of 0 in block <Microprocessor>. This FF/Latch will be trimmed during the optimization process.
WARNING:Xst:1895 - Due to other FF/Latch trimming, FF/Latch <registers_2_1> (without init value) has a constant value of 0 in block <Microprocessor>. This FF/Latch will be trimmed during the optimization process.
WARNING:Xst:1895 - Due to other FF/Latch trimming, FF/Latch <registers_2_0> (without init value) has a constant value of 0 in block <Microprocessor>. This FF/Latch will be trimmed during the optimization process.
WARNING:Xst:1895 - Due to other FF/Latch trimming, FF/Latch <registers_1_7> (without init value) has a constant value of 0 in block <Microprocessor>. This FF/Latch will be trimmed during the optimization process.
WARNING:Xst:1895 - Due to other FF/Latch trimming, FF/Latch <registers_1_6> (without init value) has a constant value of 0 in block <Microprocessor>. This FF/Latch will be trimmed during the optimization process.
WARNING:Xst:1895 - Due to other FF/Latch trimming, FF/Latch <registers_1_5> (without init value) has a constant value of 0 in block <Microprocessor>. This FF/Latch will be trimmed during the optimization process.
WARNING:Xst:1895 - Due to other FF/Latch trimming, FF/Latch <registers_1_4> (without init value) has a constant value of 0 in block <Microprocessor>. This FF/Latch will be trimmed during the optimization process.
WARNING:Xst:1895 - Due to other FF/Latch trimming, FF/Latch <registers_1_3> (without init value) has a constant value of 0 in block <Microprocessor>. This FF/Latch will be trimmed during the optimization process.
WARNING:Xst:1895 - Due to other FF/Latch trimming, FF/Latch <registers_1_2> (without init value) has a constant value of 0 in block <Microprocessor>. This FF/Latch will be trimmed during the optimization process.
WARNING:Xst:1895 - Due to other FF/Latch trimming, FF/Latch <registers_1_1> (without init value) has a constant value of 0 in block <Microprocessor>. This FF/Latch will be trimmed during the optimization process.
WARNING:Xst:1895 - Due to other FF/Latch trimming, FF/Latch <registers_1_0> (without init value) has a constant value of 0 in block <Microprocessor>. This FF/Latch will be trimmed during the optimization process.
WARNING:Xst:2677 - Node <rw_num_2> of sequential type is unconnected in block <Microprocessor>.
WARNING:Xst:2677 - Node <rw_num_3> of sequential type is unconnected in block <Microprocessor>.
WARNING:Xst:2677 - Node <rw_num_4> of sequential type is unconnected in block <Microprocessor>.
WARNING:Xst:2404 -  FFs/Latches <rw_num<4:0>> (without init value) have a constant value of 0 in block <Microprocessor>.

=========================================================================
Advanced HDL Synthesis Report

Macro Statistics
# ROMs                                                 : 3
 16x7-bit ROM                                          : 3
# Adders/Subtractors                                   : 3
 8-bit adder                                           : 3
# Counters                                             : 1
 26-bit up counter                                     : 1
# Registers                                            : 273
 Flip-Flops                                            : 273
# Multiplexers                                         : 3
 8-bit 4-to-1 multiplexer                              : 3

=========================================================================

=========================================================================
*                         Low Level Synthesis                           *
=========================================================================
WARNING:Xst:1710 - FF/Latch <registers_3_7> (without init value) has a constant value of 0 in block <Microprocessor>. This FF/Latch will be trimmed during the optimization process.
WARNING:Xst:1895 - Due to other FF/Latch trimming, FF/Latch <registers_3_6> (without init value) has a constant value of 0 in block <Microprocessor>. This FF/Latch will be trimmed during the optimization process.
WARNING:Xst:1895 - Due to other FF/Latch trimming, FF/Latch <registers_3_5> (without init value) has a constant value of 0 in block <Microprocessor>. This FF/Latch will be trimmed during the optimization process.
WARNING:Xst:1895 - Due to other FF/Latch trimming, FF/Latch <registers_3_4> (without init value) has a constant value of 0 in block <Microprocessor>. This FF/Latch will be trimmed during the optimization process.
WARNING:Xst:1895 - Due to other FF/Latch trimming, FF/Latch <registers_3_3> (without init value) has a constant value of 0 in block <Microprocessor>. This FF/Latch will be trimmed during the optimization process.
WARNING:Xst:1895 - Due to other FF/Latch trimming, FF/Latch <registers_3_2> (without init value) has a constant value of 0 in block <Microprocessor>. This FF/Latch will be trimmed during the optimization process.
WARNING:Xst:1895 - Due to other FF/Latch trimming, FF/Latch <registers_3_1> (without init value) has a constant value of 0 in block <Microprocessor>. This FF/Latch will be trimmed during the optimization process.
WARNING:Xst:1895 - Due to other FF/Latch trimming, FF/Latch <registers_3_0> (without init value) has a constant value of 0 in block <Microprocessor>. This FF/Latch will be trimmed during the optimization process.
WARNING:Xst:1895 - Due to other FF/Latch trimming, FF/Latch <registers_1_7> (without init value) has a constant value of 0 in block <Microprocessor>. This FF/Latch will be trimmed during the optimization process.
WARNING:Xst:1895 - Due to other FF/Latch trimming, FF/Latch <registers_1_6> (without init value) has a constant value of 0 in block <Microprocessor>. This FF/Latch will be trimmed during the optimization process.
WARNING:Xst:1895 - Due to other FF/Latch trimming, FF/Latch <registers_1_5> (without init value) has a constant value of 0 in block <Microprocessor>. This FF/Latch will be trimmed during the optimization process.
WARNING:Xst:1895 - Due to other FF/Latch trimming, FF/Latch <registers_1_4> (without init value) has a constant value of 0 in block <Microprocessor>. This FF/Latch will be trimmed during the optimization process.
WARNING:Xst:1895 - Due to other FF/Latch trimming, FF/Latch <registers_1_3> (without init value) has a constant value of 0 in block <Microprocessor>. This FF/Latch will be trimmed during the optimization process.
WARNING:Xst:1895 - Due to other FF/Latch trimming, FF/Latch <registers_1_2> (without init value) has a constant value of 0 in block <Microprocessor>. This FF/Latch will be trimmed during the optimization process.
WARNING:Xst:1895 - Due to other FF/Latch trimming, FF/Latch <registers_1_1> (without init value) has a constant value of 0 in block <Microprocessor>. This FF/Latch will be trimmed during the optimization process.
WARNING:Xst:1895 - Due to other FF/Latch trimming, FF/Latch <registers_1_0> (without init value) has a constant value of 0 in block <Microprocessor>. This FF/Latch will be trimmed during the optimization process.
WARNING:Xst:1895 - Due to other FF/Latch trimming, FF/Latch <registers_2_7> (without init value) has a constant value of 0 in block <Microprocessor>. This FF/Latch will be trimmed during the optimization process.
WARNING:Xst:1895 - Due to other FF/Latch trimming, FF/Latch <registers_2_6> (without init value) has a constant value of 0 in block <Microprocessor>. This FF/Latch will be trimmed during the optimization process.
WARNING:Xst:1895 - Due to other FF/Latch trimming, FF/Latch <registers_2_5> (without init value) has a constant value of 0 in block <Microprocessor>. This FF/Latch will be trimmed during the optimization process.
WARNING:Xst:1895 - Due to other FF/Latch trimming, FF/Latch <registers_2_4> (without init value) has a constant value of 0 in block <Microprocessor>. This FF/Latch will be trimmed during the optimization process.
WARNING:Xst:1895 - Due to other FF/Latch trimming, FF/Latch <registers_2_3> (without init value) has a constant value of 0 in block <Microprocessor>. This FF/Latch will be trimmed during the optimization process.
WARNING:Xst:1895 - Due to other FF/Latch trimming, FF/Latch <registers_2_2> (without init value) has a constant value of 0 in block <Microprocessor>. This FF/Latch will be trimmed during the optimization process.
WARNING:Xst:1895 - Due to other FF/Latch trimming, FF/Latch <registers_2_1> (without init value) has a constant value of 0 in block <Microprocessor>. This FF/Latch will be trimmed during the optimization process.
WARNING:Xst:1895 - Due to other FF/Latch trimming, FF/Latch <registers_2_0> (without init value) has a constant value of 0 in block <Microprocessor>. This FF/Latch will be trimmed during the optimization process.
WARNING:Xst:1710 - FF/Latch <0> (without init value) has a constant value of 1 in block <LPM_DFF_34>. This FF/Latch will be trimmed during the optimization process.
WARNING:Xst:1895 - Due to other FF/Latch trimming, FF/Latch <1> (without init value) has a constant value of 0 in block <LPM_DFF_34>. This FF/Latch will be trimmed during the optimization process.
WARNING:Xst:1895 - Due to other FF/Latch trimming, FF/Latch <2> (without init value) has a constant value of 0 in block <LPM_DFF_34>. This FF/Latch will be trimmed during the optimization process.
WARNING:Xst:1895 - Due to other FF/Latch trimming, FF/Latch <3> (without init value) has a constant value of 0 in block <LPM_DFF_34>. This FF/Latch will be trimmed during the optimization process.
WARNING:Xst:1895 - Due to other FF/Latch trimming, FF/Latch <4> (without init value) has a constant value of 1 in block <LPM_DFF_34>. This FF/Latch will be trimmed during the optimization process.
WARNING:Xst:1895 - Due to other FF/Latch trimming, FF/Latch <5> (without init value) has a constant value of 1 in block <LPM_DFF_34>. This FF/Latch will be trimmed during the optimization process.
WARNING:Xst:1895 - Due to other FF/Latch trimming, FF/Latch <6> (without init value) has a constant value of 1 in block <LPM_DFF_34>. This FF/Latch will be trimmed during the optimization process.
WARNING:Xst:1895 - Due to other FF/Latch trimming, FF/Latch <7> (without init value) has a constant value of 1 in block <LPM_DFF_34>. This FF/Latch will be trimmed during the optimization process.
WARNING:Xst:1710 - FF/Latch <0> (without init value) has a constant value of 0 in block <LPM_DFF_33>. This FF/Latch will be trimmed during the optimization process.
WARNING:Xst:1895 - Due to other FF/Latch trimming, FF/Latch <1> (without init value) has a constant value of 1 in block <LPM_DFF_33>. This FF/Latch will be trimmed during the optimization process.
WARNING:Xst:1895 - Due to other FF/Latch trimming, FF/Latch <2> (without init value) has a constant value of 0 in block <LPM_DFF_33>. This FF/Latch will be trimmed during the optimization process.
WARNING:Xst:1895 - Due to other FF/Latch trimming, FF/Latch <3> (without init value) has a constant value of 0 in block <LPM_DFF_33>. This FF/Latch will be trimmed during the optimization process.
WARNING:Xst:1895 - Due to other FF/Latch trimming, FF/Latch <4> (without init value) has a constant value of 1 in block <LPM_DFF_33>. This FF/Latch will be trimmed during the optimization process.
WARNING:Xst:1895 - Due to other FF/Latch trimming, FF/Latch <5> (without init value) has a constant value of 1 in block <LPM_DFF_33>. This FF/Latch will be trimmed during the optimization process.
WARNING:Xst:1895 - Due to other FF/Latch trimming, FF/Latch <6> (without init value) has a constant value of 1 in block <LPM_DFF_33>. This FF/Latch will be trimmed during the optimization process.
WARNING:Xst:1895 - Due to other FF/Latch trimming, FF/Latch <7> (without init value) has a constant value of 1 in block <LPM_DFF_33>. This FF/Latch will be trimmed during the optimization process.
WARNING:Xst:1710 - FF/Latch <0> (without init value) has a constant value of 1 in block <LPM_DFF_32>. This FF/Latch will be trimmed during the optimization process.
WARNING:Xst:1895 - Due to other FF/Latch trimming, FF/Latch <1> (without init value) has a constant value of 1 in block <LPM_DFF_32>. This FF/Latch will be trimmed during the optimization process.
WARNING:Xst:1895 - Due to other FF/Latch trimming, FF/Latch <2> (without init value) has a constant value of 0 in block <LPM_DFF_32>. This FF/Latch will be trimmed during the optimization process.
WARNING:Xst:1895 - Due to other FF/Latch trimming, FF/Latch <3> (without init value) has a constant value of 0 in block <LPM_DFF_32>. This FF/Latch will be trimmed during the optimization process.
WARNING:Xst:1895 - Due to other FF/Latch trimming, FF/Latch <4> (without init value) has a constant value of 1 in block <LPM_DFF_32>. This FF/Latch will be trimmed during the optimization process.
WARNING:Xst:1895 - Due to other FF/Latch trimming, FF/Latch <5> (without init value) has a constant value of 1 in block <LPM_DFF_32>. This FF/Latch will be trimmed during the optimization process.
WARNING:Xst:1895 - Due to other FF/Latch trimming, FF/Latch <6> (without init value) has a constant value of 1 in block <LPM_DFF_32>. This FF/Latch will be trimmed during the optimization process.
WARNING:Xst:1895 - Due to other FF/Latch trimming, FF/Latch <7> (without init value) has a constant value of 1 in block <LPM_DFF_32>. This FF/Latch will be trimmed during the optimization process.
WARNING:Xst:1710 - FF/Latch <0> (without init value) has a constant value of 0 in block <LPM_DFF_31>. This FF/Latch will be trimmed during the optimization process.
WARNING:Xst:1895 - Due to other FF/Latch trimming, FF/Latch <1> (without init value) has a constant value of 0 in block <LPM_DFF_31>. This FF/Latch will be trimmed during the optimization process.
WARNING:Xst:1895 - Due to other FF/Latch trimming, FF/Latch <2> (without init value) has a constant value of 1 in block <LPM_DFF_31>. This FF/Latch will be trimmed during the optimization process.
WARNING:Xst:1895 - Due to other FF/Latch trimming, FF/Latch <3> (without init value) has a constant value of 0 in block <LPM_DFF_31>. This FF/Latch will be trimmed during the optimization process.
WARNING:Xst:1895 - Due to other FF/Latch trimming, FF/Latch <4> (without init value) has a constant value of 1 in block <LPM_DFF_31>. This FF/Latch will be trimmed during the optimization process.
WARNING:Xst:1895 - Due to other FF/Latch trimming, FF/Latch <5> (without init value) has a constant value of 1 in block <LPM_DFF_31>. This FF/Latch will be trimmed during the optimization process.
WARNING:Xst:1895 - Due to other FF/Latch trimming, FF/Latch <6> (without init value) has a constant value of 1 in block <LPM_DFF_31>. This FF/Latch will be trimmed during the optimization process.
WARNING:Xst:1895 - Due to other FF/Latch trimming, FF/Latch <7> (without init value) has a constant value of 1 in block <LPM_DFF_31>. This FF/Latch will be trimmed during the optimization process.
WARNING:Xst:1710 - FF/Latch <0> (without init value) has a constant value of 1 in block <LPM_DFF_30>. This FF/Latch will be trimmed during the optimization process.
WARNING:Xst:1895 - Due to other FF/Latch trimming, FF/Latch <1> (without init value) has a constant value of 0 in block <LPM_DFF_30>. This FF/Latch will be trimmed during the optimization process.
WARNING:Xst:1895 - Due to other FF/Latch trimming, FF/Latch <2> (without init value) has a constant value of 1 in block <LPM_DFF_30>. This FF/Latch will be trimmed during the optimization process.
WARNING:Xst:1895 - Due to other FF/Latch trimming, FF/Latch <3> (without init value) has a constant value of 0 in block <LPM_DFF_30>. This FF/Latch will be trimmed during the optimization process.
WARNING:Xst:1895 - Due to other FF/Latch trimming, FF/Latch <4> (without init value) has a constant value of 1 in block <LPM_DFF_30>. This FF/Latch will be trimmed during the optimization process.
WARNING:Xst:1895 - Due to other FF/Latch trimming, FF/Latch <5> (without init value) has a constant value of 1 in block <LPM_DFF_30>. This FF/Latch will be trimmed during the optimization process.
WARNING:Xst:1895 - Due to other FF/Latch trimming, FF/Latch <6> (without init value) has a constant value of 1 in block <LPM_DFF_30>. This FF/Latch will be trimmed during the optimization process.
WARNING:Xst:1895 - Due to other FF/Latch trimming, FF/Latch <7> (without init value) has a constant value of 1 in block <LPM_DFF_30>. This FF/Latch will be trimmed during the optimization process.
WARNING:Xst:1710 - FF/Latch <0> (without init value) has a constant value of 0 in block <LPM_DFF_29>. This FF/Latch will be trimmed during the optimization process.
WARNING:Xst:1895 - Due to other FF/Latch trimming, FF/Latch <1> (without init value) has a constant value of 1 in block <LPM_DFF_29>. This FF/Latch will be trimmed during the optimization process.
WARNING:Xst:1895 - Due to other FF/Latch trimming, FF/Latch <2> (without init value) has a constant value of 1 in block <LPM_DFF_29>. This FF/Latch will be trimmed during the optimization process.
WARNING:Xst:1895 - Due to other FF/Latch trimming, FF/Latch <3> (without init value) has a constant value of 0 in block <LPM_DFF_29>. This FF/Latch will be trimmed during the optimization process.
WARNING:Xst:1895 - Due to other FF/Latch trimming, FF/Latch <4> (without init value) has a constant value of 1 in block <LPM_DFF_29>. This FF/Latch will be trimmed during the optimization process.
WARNING:Xst:1895 - Due to other FF/Latch trimming, FF/Latch <5> (without init value) has a constant value of 1 in block <LPM_DFF_29>. This FF/Latch will be trimmed during the optimization process.
WARNING:Xst:1895 - Due to other FF/Latch trimming, FF/Latch <6> (without init value) has a constant value of 1 in block <LPM_DFF_29>. This FF/Latch will be trimmed during the optimization process.
WARNING:Xst:1895 - Due to other FF/Latch trimming, FF/Latch <7> (without init value) has a constant value of 1 in block <LPM_DFF_29>. This FF/Latch will be trimmed during the optimization process.
WARNING:Xst:1710 - FF/Latch <0> (without init value) has a constant value of 1 in block <LPM_DFF_28>. This FF/Latch will be trimmed during the optimization process.
WARNING:Xst:1895 - Due to other FF/Latch trimming, FF/Latch <1> (without init value) has a constant value of 1 in block <LPM_DFF_28>. This FF/Latch will be trimmed during the optimization process.
WARNING:Xst:1895 - Due to other FF/Latch trimming, FF/Latch <2> (without init value) has a constant value of 1 in block <LPM_DFF_28>. This FF/Latch will be trimmed during the optimization process.
WARNING:Xst:1895 - Due to other FF/Latch trimming, FF/Latch <3> (without init value) has a constant value of 0 in block <LPM_DFF_28>. This FF/Latch will be trimmed during the optimization process.
WARNING:Xst:1895 - Due to other FF/Latch trimming, FF/Latch <4> (without init value) has a constant value of 1 in block <LPM_DFF_28>. This FF/Latch will be trimmed during the optimization process.
WARNING:Xst:1895 - Due to other FF/Latch trimming, FF/Latch <5> (without init value) has a constant value of 1 in block <LPM_DFF_28>. This FF/Latch will be trimmed during the optimization process.
WARNING:Xst:1895 - Due to other FF/Latch trimming, FF/Latch <6> (without init value) has a constant value of 1 in block <LPM_DFF_28>. This FF/Latch will be trimmed during the optimization process.
WARNING:Xst:1895 - Due to other FF/Latch trimming, FF/Latch <7> (without init value) has a constant value of 1 in block <LPM_DFF_28>. This FF/Latch will be trimmed during the optimization process.
WARNING:Xst:1710 - FF/Latch <0> (without init value) has a constant value of 0 in block <LPM_DFF_27>. This FF/Latch will be trimmed during the optimization process.
WARNING:Xst:1895 - Due to other FF/Latch trimming, FF/Latch <1> (without init value) has a constant value of 0 in block <LPM_DFF_27>. This FF/Latch will be trimmed during the optimization process.
WARNING:Xst:1895 - Due to other FF/Latch trimming, FF/Latch <2> (without init value) has a constant value of 0 in block <LPM_DFF_27>. This FF/Latch will be trimmed during the optimization process.
WARNING:Xst:1895 - Due to other FF/Latch trimming, FF/Latch <3> (without init value) has a constant value of 1 in block <LPM_DFF_27>. This FF/Latch will be trimmed during the optimization process.
WARNING:Xst:1895 - Due to other FF/Latch trimming, FF/Latch <4> (without init value) has a constant value of 1 in block <LPM_DFF_27>. This FF/Latch will be trimmed during the optimization process.
WARNING:Xst:1895 - Due to other FF/Latch trimming, FF/Latch <5> (without init value) has a constant value of 1 in block <LPM_DFF_27>. This FF/Latch will be trimmed during the optimization process.
WARNING:Xst:1895 - Due to other FF/Latch trimming, FF/Latch <6> (without init value) has a constant value of 1 in block <LPM_DFF_27>. This FF/Latch will be trimmed during the optimization process.
WARNING:Xst:1895 - Due to other FF/Latch trimming, FF/Latch <7> (without init value) has a constant value of 1 in block <LPM_DFF_27>. This FF/Latch will be trimmed during the optimization process.
WARNING:Xst:1710 - FF/Latch <0> (without init value) has a constant value of 1 in block <LPM_DFF_26>. This FF/Latch will be trimmed during the optimization process.
WARNING:Xst:1895 - Due to other FF/Latch trimming, FF/Latch <1> (without init value) has a constant value of 0 in block <LPM_DFF_26>. This FF/Latch will be trimmed during the optimization process.
WARNING:Xst:1895 - Due to other FF/Latch trimming, FF/Latch <2> (without init value) has a constant value of 0 in block <LPM_DFF_26>. This FF/Latch will be trimmed during the optimization process.
WARNING:Xst:1895 - Due to other FF/Latch trimming, FF/Latch <3> (without init value) has a constant value of 1 in block <LPM_DFF_26>. This FF/Latch will be trimmed during the optimization process.
WARNING:Xst:1895 - Due to other FF/Latch trimming, FF/Latch <4> (without init value) has a constant value of 1 in block <LPM_DFF_26>. This FF/Latch will be trimmed during the optimization process.
WARNING:Xst:1895 - Due to other FF/Latch trimming, FF/Latch <5> (without init value) has a constant value of 1 in block <LPM_DFF_26>. This FF/Latch will be trimmed during the optimization process.
WARNING:Xst:1895 - Due to other FF/Latch trimming, FF/Latch <6> (without init value) has a constant value of 1 in block <LPM_DFF_26>. This FF/Latch will be trimmed during the optimization process.
WARNING:Xst:1895 - Due to other FF/Latch trimming, FF/Latch <7> (without init value) has a constant value of 1 in block <LPM_DFF_26>. This FF/Latch will be trimmed during the optimization process.
WARNING:Xst:1710 - FF/Latch <0> (without init value) has a constant value of 0 in block <LPM_DFF_25>. This FF/Latch will be trimmed during the optimization process.
WARNING:Xst:1895 - Due to other FF/Latch trimming, FF/Latch <1> (without init value) has a constant value of 1 in block <LPM_DFF_25>. This FF/Latch will be trimmed during the optimization process.
WARNING:Xst:1895 - Due to other FF/Latch trimming, FF/Latch <2> (without init value) has a constant value of 0 in block <LPM_DFF_25>. This FF/Latch will be trimmed during the optimization process.
WARNING:Xst:1895 - Due to other FF/Latch trimming, FF/Latch <3> (without init value) has a constant value of 1 in block <LPM_DFF_25>. This FF/Latch will be trimmed during the optimization process.
WARNING:Xst:1895 - Due to other FF/Latch trimming, FF/Latch <4> (without init value) has a constant value of 1 in block <LPM_DFF_25>. This FF/Latch will be trimmed during the optimization process.
WARNING:Xst:1895 - Due to other FF/Latch trimming, FF/Latch <5> (without init value) has a constant value of 1 in block <LPM_DFF_25>. This FF/Latch will be trimmed during the optimization process.
WARNING:Xst:1895 - Due to other FF/Latch trimming, FF/Latch <6> (without init value) has a constant value of 1 in block <LPM_DFF_25>. This FF/Latch will be trimmed during the optimization process.
WARNING:Xst:1895 - Due to other FF/Latch trimming, FF/Latch <7> (without init value) has a constant value of 1 in block <LPM_DFF_25>. This FF/Latch will be trimmed during the optimization process.
WARNING:Xst:1710 - FF/Latch <0> (without init value) has a constant value of 1 in block <LPM_DFF_24>. This FF/Latch will be trimmed during the optimization process.
WARNING:Xst:1895 - Due to other FF/Latch trimming, FF/Latch <1> (without init value) has a constant value of 1 in block <LPM_DFF_24>. This FF/Latch will be trimmed during the optimization process.
WARNING:Xst:1895 - Due to other FF/Latch trimming, FF/Latch <2> (without init value) has a constant value of 0 in block <LPM_DFF_24>. This FF/Latch will be trimmed during the optimization process.
WARNING:Xst:1895 - Due to other FF/Latch trimming, FF/Latch <3> (without init value) has a constant value of 1 in block <LPM_DFF_24>. This FF/Latch will be trimmed during the optimization process.
WARNING:Xst:1895 - Due to other FF/Latch trimming, FF/Latch <4> (without init value) has a constant value of 1 in block <LPM_DFF_24>. This FF/Latch will be trimmed during the optimization process.
WARNING:Xst:1895 - Due to other FF/Latch trimming, FF/Latch <5> (without init value) has a constant value of 1 in block <LPM_DFF_24>. This FF/Latch will be trimmed during the optimization process.
WARNING:Xst:1895 - Due to other FF/Latch trimming, FF/Latch <6> (without init value) has a constant value of 1 in block <LPM_DFF_24>. This FF/Latch will be trimmed during the optimization process.
WARNING:Xst:1895 - Due to other FF/Latch trimming, FF/Latch <7> (without init value) has a constant value of 1 in block <LPM_DFF_24>. This FF/Latch will be trimmed during the optimization process.
WARNING:Xst:1710 - FF/Latch <0> (without init value) has a constant value of 0 in block <LPM_DFF_23>. This FF/Latch will be trimmed during the optimization process.
WARNING:Xst:1895 - Due to other FF/Latch trimming, FF/Latch <1> (without init value) has a constant value of 0 in block <LPM_DFF_23>. This FF/Latch will be trimmed during the optimization process.
WARNING:Xst:1895 - Due to other FF/Latch trimming, FF/Latch <2> (without init value) has a constant value of 1 in block <LPM_DFF_23>. This FF/Latch will be trimmed during the optimization process.
WARNING:Xst:1895 - Due to other FF/Latch trimming, FF/Latch <3> (without init value) has a constant value of 1 in block <LPM_DFF_23>. This FF/Latch will be trimmed during the optimization process.
WARNING:Xst:1895 - Due to other FF/Latch trimming, FF/Latch <4> (without init value) has a constant value of 1 in block <LPM_DFF_23>. This FF/Latch will be trimmed during the optimization process.
WARNING:Xst:1895 - Due to other FF/Latch trimming, FF/Latch <5> (without init value) has a constant value of 1 in block <LPM_DFF_23>. This FF/Latch will be trimmed during the optimization process.
WARNING:Xst:1895 - Due to other FF/Latch trimming, FF/Latch <6> (without init value) has a constant value of 1 in block <LPM_DFF_23>. This FF/Latch will be trimmed during the optimization process.
WARNING:Xst:1895 - Due to other FF/Latch trimming, FF/Latch <7> (without init value) has a constant value of 1 in block <LPM_DFF_23>. This FF/Latch will be trimmed during the optimization process.
WARNING:Xst:1710 - FF/Latch <0> (without init value) has a constant value of 1 in block <LPM_DFF_22>. This FF/Latch will be trimmed during the optimization process.
WARNING:Xst:1895 - Due to other FF/Latch trimming, FF/Latch <1> (without init value) has a constant value of 0 in block <LPM_DFF_22>. This FF/Latch will be trimmed during the optimization process.
WARNING:Xst:1895 - Due to other FF/Latch trimming, FF/Latch <2> (without init value) has a constant value of 1 in block <LPM_DFF_22>. This FF/Latch will be trimmed during the optimization process.
WARNING:Xst:1895 - Due to other FF/Latch trimming, FF/Latch <3> (without init value) has a constant value of 1 in block <LPM_DFF_22>. This FF/Latch will be trimmed during the optimization process.
WARNING:Xst:1895 - Due to other FF/Latch trimming, FF/Latch <4> (without init value) has a constant value of 1 in block <LPM_DFF_22>. This FF/Latch will be trimmed during the optimization process.
WARNING:Xst:1895 - Due to other FF/Latch trimming, FF/Latch <5> (without init value) has a constant value of 1 in block <LPM_DFF_22>. This FF/Latch will be trimmed during the optimization process.
WARNING:Xst:1895 - Due to other FF/Latch trimming, FF/Latch <6> (without init value) has a constant value of 1 in block <LPM_DFF_22>. This FF/Latch will be trimmed during the optimization process.
WARNING:Xst:1895 - Due to other FF/Latch trimming, FF/Latch <7> (without init value) has a constant value of 1 in block <LPM_DFF_22>. This FF/Latch will be trimmed during the optimization process.
WARNING:Xst:1710 - FF/Latch <0> (without init value) has a constant value of 0 in block <LPM_DFF_21>. This FF/Latch will be trimmed during the optimization process.
WARNING:Xst:1895 - Due to other FF/Latch trimming, FF/Latch <1> (without init value) has a constant value of 1 in block <LPM_DFF_21>. This FF/Latch will be trimmed during the optimization process.
WARNING:Xst:1895 - Due to other FF/Latch trimming, FF/Latch <2> (without init value) has a constant value of 1 in block <LPM_DFF_21>. This FF/Latch will be trimmed during the optimization process.
WARNING:Xst:1895 - Due to other FF/Latch trimming, FF/Latch <3> (without init value) has a constant value of 1 in block <LPM_DFF_21>. This FF/Latch will be trimmed during the optimization process.
WARNING:Xst:1895 - Due to other FF/Latch trimming, FF/Latch <4> (without init value) has a constant value of 1 in block <LPM_DFF_21>. This FF/Latch will be trimmed during the optimization process.
WARNING:Xst:1895 - Due to other FF/Latch trimming, FF/Latch <5> (without init value) has a constant value of 1 in block <LPM_DFF_21>. This FF/Latch will be trimmed during the optimization process.
WARNING:Xst:1895 - Due to other FF/Latch trimming, FF/Latch <6> (without init value) has a constant value of 1 in block <LPM_DFF_21>. This FF/Latch will be trimmed during the optimization process.
WARNING:Xst:1895 - Due to other FF/Latch trimming, FF/Latch <7> (without init value) has a constant value of 1 in block <LPM_DFF_21>. This FF/Latch will be trimmed during the optimization process.
WARNING:Xst:1710 - FF/Latch <0> (without init value) has a constant value of 1 in block <LPM_DFF_19>. This FF/Latch will be trimmed during the optimization process.
WARNING:Xst:1895 - Due to other FF/Latch trimming, FF/Latch <1> (without init value) has a constant value of 1 in block <LPM_DFF_19>. This FF/Latch will be trimmed during the optimization process.
WARNING:Xst:1895 - Due to other FF/Latch trimming, FF/Latch <2> (without init value) has a constant value of 1 in block <LPM_DFF_19>. This FF/Latch will be trimmed during the optimization process.
WARNING:Xst:1895 - Due to other FF/Latch trimming, FF/Latch <3> (without init value) has a constant value of 1 in block <LPM_DFF_19>. This FF/Latch will be trimmed during the optimization process.
WARNING:Xst:1895 - Due to other FF/Latch trimming, FF/Latch <4> (without init value) has a constant value of 0 in block <LPM_DFF_19>. This FF/Latch will be trimmed during the optimization process.
WARNING:Xst:1895 - Due to other FF/Latch trimming, FF/Latch <5> (without init value) has a constant value of 0 in block <LPM_DFF_19>. This FF/Latch will be trimmed during the optimization process.
WARNING:Xst:1895 - Due to other FF/Latch trimming, FF/Latch <6> (without init value) has a constant value of 0 in block <LPM_DFF_19>. This FF/Latch will be trimmed during the optimization process.
WARNING:Xst:1895 - Due to other FF/Latch trimming, FF/Latch <7> (without init value) has a constant value of 0 in block <LPM_DFF_19>. This FF/Latch will be trimmed during the optimization process.
WARNING:Xst:1710 - FF/Latch <0> (without init value) has a constant value of 0 in block <LPM_DFF_18>. This FF/Latch will be trimmed during the optimization process.
WARNING:Xst:1895 - Due to other FF/Latch trimming, FF/Latch <1> (without init value) has a constant value of 1 in block <LPM_DFF_18>. This FF/Latch will be trimmed during the optimization process.
WARNING:Xst:1895 - Due to other FF/Latch trimming, FF/Latch <2> (without init value) has a constant value of 1 in block <LPM_DFF_18>. This FF/Latch will be trimmed during the optimization process.
WARNING:Xst:1895 - Due to other FF/Latch trimming, FF/Latch <3> (without init value) has a constant value of 1 in block <LPM_DFF_18>. This FF/Latch will be trimmed during the optimization process.
WARNING:Xst:1895 - Due to other FF/Latch trimming, FF/Latch <4> (without init value) has a constant value of 0 in block <LPM_DFF_18>. This FF/Latch will be trimmed during the optimization process.
WARNING:Xst:1895 - Due to other FF/Latch trimming, FF/Latch <5> (without init value) has a constant value of 0 in block <LPM_DFF_18>. This FF/Latch will be trimmed during the optimization process.
WARNING:Xst:1895 - Due to other FF/Latch trimming, FF/Latch <6> (without init value) has a constant value of 0 in block <LPM_DFF_18>. This FF/Latch will be trimmed during the optimization process.
WARNING:Xst:1895 - Due to other FF/Latch trimming, FF/Latch <7> (without init value) has a constant value of 0 in block <LPM_DFF_18>. This FF/Latch will be trimmed during the optimization process.
WARNING:Xst:1710 - FF/Latch <0> (without init value) has a constant value of 1 in block <LPM_DFF_17>. This FF/Latch will be trimmed during the optimization process.
WARNING:Xst:1895 - Due to other FF/Latch trimming, FF/Latch <1> (without init value) has a constant value of 0 in block <LPM_DFF_17>. This FF/Latch will be trimmed during the optimization process.
WARNING:Xst:1895 - Due to other FF/Latch trimming, FF/Latch <2> (without init value) has a constant value of 1 in block <LPM_DFF_17>. This FF/Latch will be trimmed during the optimization process.
WARNING:Xst:1895 - Due to other FF/Latch trimming, FF/Latch <3> (without init value) has a constant value of 1 in block <LPM_DFF_17>. This FF/Latch will be trimmed during the optimization process.
WARNING:Xst:1895 - Due to other FF/Latch trimming, FF/Latch <4> (without init value) has a constant value of 0 in block <LPM_DFF_17>. This FF/Latch will be trimmed during the optimization process.
WARNING:Xst:1895 - Due to other FF/Latch trimming, FF/Latch <5> (without init value) has a constant value of 0 in block <LPM_DFF_17>. This FF/Latch will be trimmed during the optimization process.
WARNING:Xst:1895 - Due to other FF/Latch trimming, FF/Latch <6> (without init value) has a constant value of 0 in block <LPM_DFF_17>. This FF/Latch will be trimmed during the optimization process.
WARNING:Xst:1895 - Due to other FF/Latch trimming, FF/Latch <7> (without init value) has a constant value of 0 in block <LPM_DFF_17>. This FF/Latch will be trimmed during the optimization process.
WARNING:Xst:1710 - FF/Latch <0> (without init value) has a constant value of 0 in block <LPM_DFF_16>. This FF/Latch will be trimmed during the optimization process.
WARNING:Xst:1895 - Due to other FF/Latch trimming, FF/Latch <1> (without init value) has a constant value of 0 in block <LPM_DFF_16>. This FF/Latch will be trimmed during the optimization process.
WARNING:Xst:1895 - Due to other FF/Latch trimming, FF/Latch <2> (without init value) has a constant value of 1 in block <LPM_DFF_16>. This FF/Latch will be trimmed during the optimization process.
WARNING:Xst:1895 - Due to other FF/Latch trimming, FF/Latch <3> (without init value) has a constant value of 1 in block <LPM_DFF_16>. This FF/Latch will be trimmed during the optimization process.
WARNING:Xst:1895 - Due to other FF/Latch trimming, FF/Latch <4> (without init value) has a constant value of 0 in block <LPM_DFF_16>. This FF/Latch will be trimmed during the optimization process.
WARNING:Xst:1895 - Due to other FF/Latch trimming, FF/Latch <5> (without init value) has a constant value of 0 in block <LPM_DFF_16>. This FF/Latch will be trimmed during the optimization process.
WARNING:Xst:1895 - Due to other FF/Latch trimming, FF/Latch <6> (without init value) has a constant value of 0 in block <LPM_DFF_16>. This FF/Latch will be trimmed during the optimization process.
WARNING:Xst:1895 - Due to other FF/Latch trimming, FF/Latch <7> (without init value) has a constant value of 0 in block <LPM_DFF_16>. This FF/Latch will be trimmed during the optimization process.
WARNING:Xst:1710 - FF/Latch <0> (without init value) has a constant value of 1 in block <LPM_DFF_15>. This FF/Latch will be trimmed during the optimization process.
WARNING:Xst:1895 - Due to other FF/Latch trimming, FF/Latch <1> (without init value) has a constant value of 1 in block <LPM_DFF_15>. This FF/Latch will be trimmed during the optimization process.
WARNING:Xst:1895 - Due to other FF/Latch trimming, FF/Latch <2> (without init value) has a constant value of 0 in block <LPM_DFF_15>. This FF/Latch will be trimmed during the optimization process.
WARNING:Xst:1895 - Due to other FF/Latch trimming, FF/Latch <3> (without init value) has a constant value of 1 in block <LPM_DFF_15>. This FF/Latch will be trimmed during the optimization process.
WARNING:Xst:1895 - Due to other FF/Latch trimming, FF/Latch <4> (without init value) has a constant value of 0 in block <LPM_DFF_15>. This FF/Latch will be trimmed during the optimization process.
WARNING:Xst:1895 - Due to other FF/Latch trimming, FF/Latch <5> (without init value) has a constant value of 0 in block <LPM_DFF_15>. This FF/Latch will be trimmed during the optimization process.
WARNING:Xst:1895 - Due to other FF/Latch trimming, FF/Latch <6> (without init value) has a constant value of 0 in block <LPM_DFF_15>. This FF/Latch will be trimmed during the optimization process.
WARNING:Xst:1895 - Due to other FF/Latch trimming, FF/Latch <7> (without init value) has a constant value of 0 in block <LPM_DFF_15>. This FF/Latch will be trimmed during the optimization process.
WARNING:Xst:1710 - FF/Latch <0> (without init value) has a constant value of 1 in block <LPM_DFF_14>. This FF/Latch will be trimmed during the optimization process.
WARNING:Xst:1895 - Due to other FF/Latch trimming, FF/Latch <1> (without init value) has a constant value of 0 in block <LPM_DFF_14>. This FF/Latch will be trimmed during the optimization process.
WARNING:Xst:1895 - Due to other FF/Latch trimming, FF/Latch <2> (without init value) has a constant value of 0 in block <LPM_DFF_14>. This FF/Latch will be trimmed during the optimization process.
WARNING:Xst:1895 - Due to other FF/Latch trimming, FF/Latch <3> (without init value) has a constant value of 1 in block <LPM_DFF_14>. This FF/Latch will be trimmed during the optimization process.
WARNING:Xst:1895 - Due to other FF/Latch trimming, FF/Latch <4> (without init value) has a constant value of 0 in block <LPM_DFF_14>. This FF/Latch will be trimmed during the optimization process.
WARNING:Xst:1895 - Due to other FF/Latch trimming, FF/Latch <5> (without init value) has a constant value of 0 in block <LPM_DFF_14>. This FF/Latch will be trimmed during the optimization process.
WARNING:Xst:1895 - Due to other FF/Latch trimming, FF/Latch <6> (without init value) has a constant value of 0 in block <LPM_DFF_14>. This FF/Latch will be trimmed during the optimization process.
WARNING:Xst:1895 - Due to other FF/Latch trimming, FF/Latch <7> (without init value) has a constant value of 0 in block <LPM_DFF_14>. This FF/Latch will be trimmed during the optimization process.
WARNING:Xst:1710 - FF/Latch <0> (without init value) has a constant value of 0 in block <LPM_DFF_13>. This FF/Latch will be trimmed during the optimization process.
WARNING:Xst:1895 - Due to other FF/Latch trimming, FF/Latch <1> (without init value) has a constant value of 0 in block <LPM_DFF_13>. This FF/Latch will be trimmed during the optimization process.
WARNING:Xst:1895 - Due to other FF/Latch trimming, FF/Latch <2> (without init value) has a constant value of 0 in block <LPM_DFF_13>. This FF/Latch will be trimmed during the optimization process.
WARNING:Xst:1895 - Due to other FF/Latch trimming, FF/Latch <3> (without init value) has a constant value of 1 in block <LPM_DFF_13>. This FF/Latch will be trimmed during the optimization process.
WARNING:Xst:1895 - Due to other FF/Latch trimming, FF/Latch <4> (without init value) has a constant value of 0 in block <LPM_DFF_13>. This FF/Latch will be trimmed during the optimization process.
WARNING:Xst:1895 - Due to other FF/Latch trimming, FF/Latch <5> (without init value) has a constant value of 0 in block <LPM_DFF_13>. This FF/Latch will be trimmed during the optimization process.
WARNING:Xst:1895 - Due to other FF/Latch trimming, FF/Latch <6> (without init value) has a constant value of 0 in block <LPM_DFF_13>. This FF/Latch will be trimmed during the optimization process.
WARNING:Xst:1895 - Due to other FF/Latch trimming, FF/Latch <7> (without init value) has a constant value of 0 in block <LPM_DFF_13>. This FF/Latch will be trimmed during the optimization process.
WARNING:Xst:1710 - FF/Latch <0> (without init value) has a constant value of 1 in block <LPM_DFF_12>. This FF/Latch will be trimmed during the optimization process.
WARNING:Xst:1895 - Due to other FF/Latch trimming, FF/Latch <1> (without init value) has a constant value of 1 in block <LPM_DFF_12>. This FF/Latch will be trimmed during the optimization process.
WARNING:Xst:1895 - Due to other FF/Latch trimming, FF/Latch <2> (without init value) has a constant value of 1 in block <LPM_DFF_12>. This FF/Latch will be trimmed during the optimization process.
WARNING:Xst:1895 - Due to other FF/Latch trimming, FF/Latch <3> (without init value) has a constant value of 0 in block <LPM_DFF_12>. This FF/Latch will be trimmed during the optimization process.
WARNING:Xst:1895 - Due to other FF/Latch trimming, FF/Latch <4> (without init value) has a constant value of 0 in block <LPM_DFF_12>. This FF/Latch will be trimmed during the optimization process.
WARNING:Xst:1895 - Due to other FF/Latch trimming, FF/Latch <5> (without init value) has a constant value of 0 in block <LPM_DFF_12>. This FF/Latch will be trimmed during the optimization process.
WARNING:Xst:1895 - Due to other FF/Latch trimming, FF/Latch <6> (without init value) has a constant value of 0 in block <LPM_DFF_12>. This FF/Latch will be trimmed during the optimization process.
WARNING:Xst:1895 - Due to other FF/Latch trimming, FF/Latch <7> (without init value) has a constant value of 0 in block <LPM_DFF_12>. This FF/Latch will be trimmed during the optimization process.
WARNING:Xst:1710 - FF/Latch <0> (without init value) has a constant value of 0 in block <LPM_DFF_11>. This FF/Latch will be trimmed during the optimization process.
WARNING:Xst:1895 - Due to other FF/Latch trimming, FF/Latch <1> (without init value) has a constant value of 1 in block <LPM_DFF_11>. This FF/Latch will be trimmed during the optimization process.
WARNING:Xst:1895 - Due to other FF/Latch trimming, FF/Latch <2> (without init value) has a constant value of 1 in block <LPM_DFF_11>. This FF/Latch will be trimmed during the optimization process.
WARNING:Xst:1895 - Due to other FF/Latch trimming, FF/Latch <3> (without init value) has a constant value of 0 in block <LPM_DFF_11>. This FF/Latch will be trimmed during the optimization process.
WARNING:Xst:1895 - Due to other FF/Latch trimming, FF/Latch <4> (without init value) has a constant value of 0 in block <LPM_DFF_11>. This FF/Latch will be trimmed during the optimization process.
WARNING:Xst:1895 - Due to other FF/Latch trimming, FF/Latch <5> (without init value) has a constant value of 0 in block <LPM_DFF_11>. This FF/Latch will be trimmed during the optimization process.
WARNING:Xst:1895 - Due to other FF/Latch trimming, FF/Latch <6> (without init value) has a constant value of 0 in block <LPM_DFF_11>. This FF/Latch will be trimmed during the optimization process.
WARNING:Xst:1895 - Due to other FF/Latch trimming, FF/Latch <7> (without init value) has a constant value of 0 in block <LPM_DFF_11>. This FF/Latch will be trimmed during the optimization process.
WARNING:Xst:1710 - FF/Latch <0> (without init value) has a constant value of 1 in block <LPM_DFF_10>. This FF/Latch will be trimmed during the optimization process.
WARNING:Xst:1895 - Due to other FF/Latch trimming, FF/Latch <1> (without init value) has a constant value of 0 in block <LPM_DFF_10>. This FF/Latch will be trimmed during the optimization process.
WARNING:Xst:1895 - Due to other FF/Latch trimming, FF/Latch <2> (without init value) has a constant value of 1 in block <LPM_DFF_10>. This FF/Latch will be trimmed during the optimization process.
WARNING:Xst:1895 - Due to other FF/Latch trimming, FF/Latch <3> (without init value) has a constant value of 0 in block <LPM_DFF_10>. This FF/Latch will be trimmed during the optimization process.
WARNING:Xst:1895 - Due to other FF/Latch trimming, FF/Latch <4> (without init value) has a constant value of 0 in block <LPM_DFF_10>. This FF/Latch will be trimmed during the optimization process.
WARNING:Xst:1895 - Due to other FF/Latch trimming, FF/Latch <5> (without init value) has a constant value of 0 in block <LPM_DFF_10>. This FF/Latch will be trimmed during the optimization process.
WARNING:Xst:1895 - Due to other FF/Latch trimming, FF/Latch <6> (without init value) has a constant value of 0 in block <LPM_DFF_10>. This FF/Latch will be trimmed during the optimization process.
WARNING:Xst:1895 - Due to other FF/Latch trimming, FF/Latch <7> (without init value) has a constant value of 0 in block <LPM_DFF_10>. This FF/Latch will be trimmed during the optimization process.
WARNING:Xst:1710 - FF/Latch <0> (without init value) has a constant value of 0 in block <LPM_DFF_9>. This FF/Latch will be trimmed during the optimization process.
WARNING:Xst:1895 - Due to other FF/Latch trimming, FF/Latch <1> (without init value) has a constant value of 0 in block <LPM_DFF_9>. This FF/Latch will be trimmed during the optimization process.
WARNING:Xst:1895 - Due to other FF/Latch trimming, FF/Latch <2> (without init value) has a constant value of 1 in block <LPM_DFF_9>. This FF/Latch will be trimmed during the optimization process.
WARNING:Xst:1895 - Due to other FF/Latch trimming, FF/Latch <3> (without init value) has a constant value of 0 in block <LPM_DFF_9>. This FF/Latch will be trimmed during the optimization process.
WARNING:Xst:1895 - Due to other FF/Latch trimming, FF/Latch <4> (without init value) has a constant value of 0 in block <LPM_DFF_9>. This FF/Latch will be trimmed during the optimization process.
WARNING:Xst:1895 - Due to other FF/Latch trimming, FF/Latch <5> (without init value) has a constant value of 0 in block <LPM_DFF_9>. This FF/Latch will be trimmed during the optimization process.
WARNING:Xst:1895 - Due to other FF/Latch trimming, FF/Latch <6> (without init value) has a constant value of 0 in block <LPM_DFF_9>. This FF/Latch will be trimmed during the optimization process.
WARNING:Xst:1895 - Due to other FF/Latch trimming, FF/Latch <7> (without init value) has a constant value of 0 in block <LPM_DFF_9>. This FF/Latch will be trimmed during the optimization process.
WARNING:Xst:1710 - FF/Latch <0> (without init value) has a constant value of 1 in block <LPM_DFF_8>. This FF/Latch will be trimmed during the optimization process.
WARNING:Xst:1895 - Due to other FF/Latch trimming, FF/Latch <1> (without init value) has a constant value of 1 in block <LPM_DFF_8>. This FF/Latch will be trimmed during the optimization process.
WARNING:Xst:1895 - Due to other FF/Latch trimming, FF/Latch <2> (without init value) has a constant value of 0 in block <LPM_DFF_8>. This FF/Latch will be trimmed during the optimization process.
WARNING:Xst:1895 - Due to other FF/Latch trimming, FF/Latch <3> (without init value) has a constant value of 0 in block <LPM_DFF_8>. This FF/Latch will be trimmed during the optimization process.
WARNING:Xst:1895 - Due to other FF/Latch trimming, FF/Latch <4> (without init value) has a constant value of 0 in block <LPM_DFF_8>. This FF/Latch will be trimmed during the optimization process.
WARNING:Xst:1895 - Due to other FF/Latch trimming, FF/Latch <5> (without init value) has a constant value of 0 in block <LPM_DFF_8>. This FF/Latch will be trimmed during the optimization process.
WARNING:Xst:1895 - Due to other FF/Latch trimming, FF/Latch <6> (without init value) has a constant value of 0 in block <LPM_DFF_8>. This FF/Latch will be trimmed during the optimization process.
WARNING:Xst:1895 - Due to other FF/Latch trimming, FF/Latch <7> (without init value) has a constant value of 0 in block <LPM_DFF_8>. This FF/Latch will be trimmed during the optimization process.
WARNING:Xst:1710 - FF/Latch <0> (without init value) has a constant value of 0 in block <LPM_DFF_7>. This FF/Latch will be trimmed during the optimization process.
WARNING:Xst:1895 - Due to other FF/Latch trimming, FF/Latch <1> (without init value) has a constant value of 1 in block <LPM_DFF_7>. This FF/Latch will be trimmed during the optimization process.
WARNING:Xst:1895 - Due to other FF/Latch trimming, FF/Latch <2> (without init value) has a constant value of 0 in block <LPM_DFF_7>. This FF/Latch will be trimmed during the optimization process.
WARNING:Xst:1895 - Due to other FF/Latch trimming, FF/Latch <3> (without init value) has a constant value of 0 in block <LPM_DFF_7>. This FF/Latch will be trimmed during the optimization process.
WARNING:Xst:1895 - Due to other FF/Latch trimming, FF/Latch <4> (without init value) has a constant value of 0 in block <LPM_DFF_7>. This FF/Latch will be trimmed during the optimization process.
WARNING:Xst:1895 - Due to other FF/Latch trimming, FF/Latch <5> (without init value) has a constant value of 0 in block <LPM_DFF_7>. This FF/Latch will be trimmed during the optimization process.
WARNING:Xst:1895 - Due to other FF/Latch trimming, FF/Latch <6> (without init value) has a constant value of 0 in block <LPM_DFF_7>. This FF/Latch will be trimmed during the optimization process.
WARNING:Xst:1895 - Due to other FF/Latch trimming, FF/Latch <7> (without init value) has a constant value of 0 in block <LPM_DFF_7>. This FF/Latch will be trimmed during the optimization process.
WARNING:Xst:1710 - FF/Latch <0> (without init value) has a constant value of 1 in block <LPM_DFF_4>. This FF/Latch will be trimmed during the optimization process.
WARNING:Xst:1895 - Due to other FF/Latch trimming, FF/Latch <1> (without init value) has a constant value of 0 in block <LPM_DFF_4>. This FF/Latch will be trimmed during the optimization process.
WARNING:Xst:1895 - Due to other FF/Latch trimming, FF/Latch <2> (without init value) has a constant value of 0 in block <LPM_DFF_4>. This FF/Latch will be trimmed during the optimization process.
WARNING:Xst:1895 - Due to other FF/Latch trimming, FF/Latch <3> (without init value) has a constant value of 0 in block <LPM_DFF_4>. This FF/Latch will be trimmed during the optimization process.
WARNING:Xst:1895 - Due to other FF/Latch trimming, FF/Latch <4> (without init value) has a constant value of 0 in block <LPM_DFF_4>. This FF/Latch will be trimmed during the optimization process.
WARNING:Xst:1895 - Due to other FF/Latch trimming, FF/Latch <5> (without init value) has a constant value of 0 in block <LPM_DFF_4>. This FF/Latch will be trimmed during the optimization process.
WARNING:Xst:1895 - Due to other FF/Latch trimming, FF/Latch <6> (without init value) has a constant value of 0 in block <LPM_DFF_4>. This FF/Latch will be trimmed during the optimization process.
WARNING:Xst:1895 - Due to other FF/Latch trimming, FF/Latch <7> (without init value) has a constant value of 0 in block <LPM_DFF_4>. This FF/Latch will be trimmed during the optimization process.
WARNING:Xst:1710 - FF/Latch <registers_0_0> (without init value) has a constant value of 0 in block <Microprocessor>. This FF/Latch will be trimmed during the optimization process.
WARNING:Xst:1895 - Due to other FF/Latch trimming, FF/Latch <registers_0_1> (without init value) has a constant value of 0 in block <Microprocessor>. This FF/Latch will be trimmed during the optimization process.
WARNING:Xst:1895 - Due to other FF/Latch trimming, FF/Latch <registers_0_2> (without init value) has a constant value of 0 in block <Microprocessor>. This FF/Latch will be trimmed during the optimization process.
WARNING:Xst:1895 - Due to other FF/Latch trimming, FF/Latch <registers_0_3> (without init value) has a constant value of 0 in block <Microprocessor>. This FF/Latch will be trimmed during the optimization process.
WARNING:Xst:1895 - Due to other FF/Latch trimming, FF/Latch <registers_0_4> (without init value) has a constant value of 0 in block <Microprocessor>. This FF/Latch will be trimmed during the optimization process.
WARNING:Xst:1895 - Due to other FF/Latch trimming, FF/Latch <registers_0_5> (without init value) has a constant value of 0 in block <Microprocessor>. This FF/Latch will be trimmed during the optimization process.
WARNING:Xst:1895 - Due to other FF/Latch trimming, FF/Latch <registers_0_6> (without init value) has a constant value of 0 in block <Microprocessor>. This FF/Latch will be trimmed during the optimization process.
WARNING:Xst:1895 - Due to other FF/Latch trimming, FF/Latch <registers_0_7> (without init value) has a constant value of 0 in block <Microprocessor>. This FF/Latch will be trimmed during the optimization process.
WARNING:Xst:1895 - Due to other FF/Latch trimming, FF/Latch <console_buffer_0> (without init value) has a constant value of 0 in block <Microprocessor>. This FF/Latch will be trimmed during the optimization process.
WARNING:Xst:1895 - Due to other FF/Latch trimming, FF/Latch <console_buffer_1> (without init value) has a constant value of 0 in block <Microprocessor>. This FF/Latch will be trimmed during the optimization process.
WARNING:Xst:1895 - Due to other FF/Latch trimming, FF/Latch <console_buffer_2> (without init value) has a constant value of 0 in block <Microprocessor>. This FF/Latch will be trimmed during the optimization process.
WARNING:Xst:1895 - Due to other FF/Latch trimming, FF/Latch <console_buffer_3> (without init value) has a constant value of 0 in block <Microprocessor>. This FF/Latch will be trimmed during the optimization process.
WARNING:Xst:1895 - Due to other FF/Latch trimming, FF/Latch <console_buffer_4> (without init value) has a constant value of 0 in block <Microprocessor>. This FF/Latch will be trimmed during the optimization process.
WARNING:Xst:1895 - Due to other FF/Latch trimming, FF/Latch <console_buffer_5> (without init value) has a constant value of 0 in block <Microprocessor>. This FF/Latch will be trimmed during the optimization process.
WARNING:Xst:1895 - Due to other FF/Latch trimming, FF/Latch <console_buffer_6> (without init value) has a constant value of 0 in block <Microprocessor>. This FF/Latch will be trimmed during the optimization process.
WARNING:Xst:1895 - Due to other FF/Latch trimming, FF/Latch <console_buffer_7> (without init value) has a constant value of 0 in block <Microprocessor>. This FF/Latch will be trimmed during the optimization process.

Optimizing unit <Microprocessor> ...

Mapping all equations...
Building and optimizing final netlist ...
Found area constraint ratio of 100 (+ 5) on block Microprocessor, actual ratio is 4.

Final Macro Processing ...

=========================================================================
Final Register Report

Macro Statistics
# Registers                                            : 35
 Flip-Flops                                            : 35

=========================================================================

=========================================================================
*                           Partition Report                            *
=========================================================================

Partition Implementation Status
-------------------------------

  No Partitions were found in this design.

-------------------------------

=========================================================================
*                            Final Report                               *
=========================================================================
Final Results
RTL Top Level Output File Name     : Microprocessor.ngr
Top Level Output File Name         : Microprocessor
Output Format                      : NGC
Optimization Goal                  : Speed
Keep Hierarchy                     : No

Design Statistics
# IOs                              : 45

Cell Usage :
# BELS                             : 110
#      GND                         : 1
#      INV                         : 3
#      LUT1                        : 25
#      LUT2                        : 3
#      LUT2_D                      : 1
#      LUT3                        : 2
#      LUT4                        : 20
#      LUT4_D                      : 2
#      LUT4_L                      : 1
#      MUXCY                       : 25
#      VCC                         : 1
#      XORCY                       : 26
# FlipFlops/Latches                : 35
#      FDC                         : 8
#      FDE                         : 1
#      FDR                         : 26
# Clock Buffers                    : 1
#      BUFGP                       : 1
# IO Buffers                       : 36
#      IBUF                        : 1
#      OBUF                        : 35
=========================================================================

Device utilization summary:
---------------------------

Selected Device : 3s50antqg144-5 

 Number of Slices:                       29  out of    704     4%  
 Number of Slice Flip Flops:             35  out of   1408     2%  
 Number of 4 input LUTs:                 57  out of   1408     4%  
 Number of IOs:                          45
 Number of bonded IOBs:                  37  out of    108    34%  
 Number of GCLKs:                         1  out of     24     4%  

---------------------------
Partition Resource Summary:
---------------------------

  No Partitions were found in this design.

---------------------------


=========================================================================
TIMING REPORT

NOTE: THESE TIMING NUMBERS ARE ONLY A SYNTHESIS ESTIMATE.
      FOR ACCURATE TIMING INFORMATION PLEASE REFER TO THE TRACE REPORT
      GENERATED AFTER PLACE-and-ROUTE.

Clock Information:
------------------
-----------------------------------+------------------------+-------+
Clock Signal                       | Clock buffer(FF name)  | Load  |
-----------------------------------+------------------------+-------+
oscillator                         | BUFGP                  | 27    |
sec                                | NONE(pc_0)             | 8     |
-----------------------------------+------------------------+-------+
INFO:Xst:2169 - HDL ADVISOR - Some clock signals were not automatically buffered by XST with BUFG/BUFR resources. Please use the buffer_type constraint in order to insert these buffers to the clock signals to help prevent skew problems.

Asynchronous Control Signals Information:
----------------------------------------
-----------------------------------+------------------------+-------+
Control Signal                     | Buffer(FF name)        | Load  |
-----------------------------------+------------------------+-------+
reset                              | IBUF                   | 8     |
-----------------------------------+------------------------+-------+

Timing Summary:
---------------
Speed Grade: -5

   Minimum period: 4.739ns (Maximum Frequency: 211.005MHz)
   Minimum input arrival time before clock: No path found
   Maximum output required time after clock: 6.753ns
   Maximum combinational path delay: No path found

Timing Detail:
--------------
All values displayed in nanoseconds (ns)

=========================================================================
Timing constraint: Default period analysis for Clock 'oscillator'
  Clock period: 4.739ns (frequency: 211.005MHz)
  Total number of paths / destination ports: 1054 / 54
-------------------------------------------------------------------------
Delay:               4.739ns (Levels of Logic = 3)
  Source:            delay_23 (FF)
  Destination:       delay_0 (FF)
  Source Clock:      oscillator rising
  Destination Clock: oscillator rising

  Data Path: delay_23 to delay_0
                                Gate     Net
    Cell:in->out      fanout   Delay   Delay  Logical Name (Net Name)
    ----------------------------------------  ------------
     FDR:C->Q              2   0.495   0.488  delay_23 (delay_23)
     LUT4:I0->O            1   0.561   0.465  delay_cmp_eq00001121 (delay_cmp_eq0000112)
     LUT4_D:I0->LO         1   0.561   0.102  delay_cmp_eq0000164 (N12)
     LUT4:I3->O           26   0.561   1.071  delay_cmp_eq000035 (delay_cmp_eq0000)
     FDR:R                     0.435          delay_0
    ----------------------------------------
    Total                      4.739ns (2.613ns logic, 2.126ns route)
                                       (55.1% logic, 44.9% route)

=========================================================================
Timing constraint: Default period analysis for Clock 'sec'
  Clock period: 4.081ns (frequency: 245.068MHz)
  Total number of paths / destination ports: 36 / 8
-------------------------------------------------------------------------
Delay:               4.081ns (Levels of Logic = 3)
  Source:            pc_0 (FF)
  Destination:       pc_6 (FF)
  Source Clock:      sec rising
  Destination Clock: sec rising

  Data Path: pc_0 to pc_6
                                Gate     Net
    Cell:in->out      fanout   Delay   Delay  Logical Name (Net Name)
    ----------------------------------------  ------------
     FDC:C->Q             13   0.495   0.944  pc_0 (pc_0)
     LUT2_D:I0->O          1   0.561   0.359  reg_num_/Mrom_sseg611 (N9)
     LUT4_D:I3->O          2   0.561   0.403  Madd_pc_add0000_Madd_cy<4>11 (Madd_pc_add0000_Madd_cy<4>)
     LUT3:I2->O            1   0.561   0.000  Madd_pc_add0000_Madd_xor<6>11 (pc_add0000<6>)
     FDC:D                     0.197          pc_6
    ----------------------------------------
    Total                      4.081ns (2.375ns logic, 1.706ns route)
                                       (58.2% logic, 41.8% route)

=========================================================================
Timing constraint: Default OFFSET OUT AFTER for Clock 'oscillator'
  Total number of paths / destination ports: 1 / 1
-------------------------------------------------------------------------
Offset:              5.641ns (Levels of Logic = 1)
  Source:            sec (FF)
  Destination:       clock (PAD)
  Source Clock:      oscillator rising

  Data Path: sec to clock
                                Gate     Net
    Cell:in->out      fanout   Delay   Delay  Logical Name (Net Name)
    ----------------------------------------  ------------
     FDE:C->Q             10   0.495   0.750  sec (sec)
     OBUF:I->O                 4.396          clock_OBUF (clock)
    ----------------------------------------
    Total                      5.641ns (4.891ns logic, 0.750ns route)
                                       (86.7% logic, 13.3% route)

=========================================================================
Timing constraint: Default OFFSET OUT AFTER for Clock 'sec'
  Total number of paths / destination ports: 36 / 15
-------------------------------------------------------------------------
Offset:              6.753ns (Levels of Logic = 2)
  Source:            pc_0 (FF)
  Destination:       reg_num<4> (PAD)
  Source Clock:      sec rising

  Data Path: pc_0 to reg_num<4>
                                Gate     Net
    Cell:in->out      fanout   Delay   Delay  Logical Name (Net Name)
    ----------------------------------------  ------------
     FDC:C->Q             13   0.495   0.944  pc_0 (pc_0)
     LUT4:I0->O            1   0.561   0.357  reg_num_/Mrom_sseg41 (reg_num_4_OBUF)
     OBUF:I->O                 4.396          reg_num_4_OBUF (reg_num<4>)
    ----------------------------------------
    Total                      6.753ns (5.452ns logic, 1.301ns route)
                                       (80.7% logic, 19.3% route)

=========================================================================


Total REAL time to Xst completion: 4.00 secs
Total CPU time to Xst completion: 3.22 secs
 
--> 


Total memory usage is 506736 kilobytes

Number of errors   :    0 (   0 filtered)
Number of warnings :  302 (   0 filtered)
Number of infos    :    2 (   0 filtered)

