--------------------------------------------------------------------------------
Release 14.7 Trace  (lin64)
Copyright (c) 1995-2013 Xilinx, Inc.  All rights reserved.

/opt/Xilinx/14.7/ISE_DS/ISE/bin/lin64/unwrapped/trce -intstyle ise -v 3 -s 5 -n
3 -fastpaths -xml IMEM.twx IMEM.ncd -o IMEM.twr IMEM.pcf -ucf IMEM.ucf

Design file:              IMEM.ncd
Physical constraint file: IMEM.pcf
Device,package,speed:     xc3s50an,tqg144,-5 (PRODUCTION 1.42 2013-10-13)
Report level:             verbose report

Environment Variable      Effect 
--------------------      ------ 
NONE                      No environment variables were set
--------------------------------------------------------------------------------

INFO:Timing:2698 - No timing constraints found, doing default enumeration.
INFO:Timing:3412 - To improve timing, see the Timing Closure User Guide (UG612).
INFO:Timing:2752 - To get complete path coverage, use the unconstrained paths 
   option. All paths that are not constrained will be reported in the 
   unconstrained paths section(s) of the report.
INFO:Timing:3339 - The clock-to-out numbers in this timing report are based on 
   a 50 Ohm transmission line loading model.  For the details of this model, 
   and for more information on accounting for different loading conditions, 
   please see the device datasheet.
INFO:Timing:3390 - This architecture does not support a default System Jitter 
   value, please add SYSTEM_JITTER constraint to the UCF to modify the Clock 
   Uncertainty calculation.
INFO:Timing:3389 - This architecture does not support 'Discrete Jitter' and 
   'Phase Error' calculations, these terms will be zero in the Clock 
   Uncertainty calculation.  Please make appropriate modification to 
   SYSTEM_JITTER to account for the unsupported Discrete Jitter and Phase 
   Error.



Data Sheet report:
-----------------
All values displayed in nanoseconds (ns)

Pad to Pad
---------------+---------------+---------+
Source Pad     |Destination Pad|  Delay  |
---------------+---------------+---------+
Read_Address<0>|instruction<0> |    8.470|
Read_Address<0>|instruction<1> |    8.215|
Read_Address<0>|instruction<2> |    8.311|
Read_Address<0>|instruction<3> |    8.049|
Read_Address<0>|instruction<4> |    7.998|
Read_Address<0>|instruction<5> |    8.046|
Read_Address<0>|instruction<6> |    8.350|
Read_Address<0>|instruction<7> |    8.908|
Read_Address<1>|instruction<0> |    7.959|
Read_Address<1>|instruction<1> |    8.204|
Read_Address<1>|instruction<2> |    8.110|
Read_Address<1>|instruction<3> |    8.025|
Read_Address<1>|instruction<4> |    7.974|
Read_Address<1>|instruction<5> |    8.130|
Read_Address<1>|instruction<6> |    8.263|
Read_Address<1>|instruction<7> |    8.503|
Read_Address<2>|instruction<0> |    7.489|
Read_Address<2>|instruction<1> |    8.147|
Read_Address<2>|instruction<2> |    7.556|
Read_Address<2>|instruction<3> |    7.880|
Read_Address<2>|instruction<4> |    7.365|
Read_Address<2>|instruction<5> |    8.127|
Read_Address<2>|instruction<6> |    7.741|
Read_Address<2>|instruction<7> |    7.734|
Read_Address<3>|instruction<0> |    8.587|
Read_Address<3>|instruction<1> |    7.779|
Read_Address<3>|instruction<2> |    8.459|
Read_Address<3>|instruction<3> |    7.600|
Read_Address<3>|instruction<4> |    8.025|
Read_Address<3>|instruction<5> |    7.607|
Read_Address<3>|instruction<6> |    7.804|
Read_Address<3>|instruction<7> |    7.893|
Read_Address<4>|instruction<0> |    7.358|
Read_Address<4>|instruction<1> |    8.063|
Read_Address<4>|instruction<2> |    7.351|
Read_Address<4>|instruction<3> |    7.972|
Read_Address<4>|instruction<4> |    7.087|
Read_Address<4>|instruction<5> |    7.478|
Read_Address<4>|instruction<6> |    7.735|
Read_Address<4>|instruction<7> |    8.535|
---------------+---------------+---------+


Analysis completed Mon Jun 15 22:29:39 2020 
--------------------------------------------------------------------------------

Trace Settings:
-------------------------
Trace Settings 

Peak Memory Usage: 347 MB



